// Jest Snapshot v1, https://goo.gl/fbAQLP

exports[`<Search/> rendering should renders correctly 1`] = `
<div
  className="search-container"
>
  <div
    className="search"
  >
    <h1
      className="search-title"
    >
      Netflixroulette
    </h1>
    <h2>
      Find your movie
    </h2>
    <Input
      changeAction={[Function]}
      submitAction={[Function]}
      type="text"
    />
    <div
      className="search-filter-container"
    >
      <Filter
        activeOption="title"
        handleSwitch={[Function]}
        options={
          Array [
            "title",
            "genres",
          ]
        }
      />
      <Button
        action={[Function]}
        content="Search"
      />
    </div>
  </div>
</div>
`;
