// Jest Snapshot v1, https://goo.gl/fbAQLP

exports[`<Card/> rendering should renders correctly 1`] = `
<div
  className="result-card"
  onClick={[Function]}
>
  <img
    className="card-image"
    src="URL"
  />
  <div
    className="card-content"
  >
    <h3
      className="card-title"
    >
      MovieName
    </h3>
    <p
      className="card-date"
    >
      2018
    </p>
  </div>
  <p
    className="card-genres"
  >
    Drama Action 
  </p>
</div>
`;
