// Jest Snapshot v1, https://goo.gl/fbAQLP

exports[`<App/> rendering should renders correctly 1`] = `
<div
  className="App"
>
  <Search
    filterOptions={
      Array [
        "title",
        "genre",
      ]
    }
  />
  <SearchResult
    action={[Function]}
    movies={
      Array [
        Object {
          "description": "King T'Challa returns home from America to the reclusive, technologically advanced African nation of Wakanda to serve as his country's new leader. However, T'Challa soon finds that he is challenged for the throne by factions within his own country as well as without.  Using powers reserved to Wakandan kings, T'Challa assumes the Black Panther mantel to join with girlfriend Nakia, the queen-mother, his princess-kid sister,  members of the Dora Milaje (the Wakandan \\"special forces\\"), and an American secret agent, to prevent Wakanda from being dragged into a world war.",
          "genres": Array [
            "Action",
            "Adventure",
            "Fantasy",
            "Science Fiction",
          ],
          "imageURL": "https://image.tmdb.org/t/p/w500/uxzzxijgPIY7slzFvMotPv8wjKA.jpg",
          "key": 284054,
          "rating": 7.3,
          "releaseDate": "2018-02-13",
          "runtime": 134,
          "title": "Black Panther",
        },
        Object {
          "description": "When the creator of a popular video game system dies, a virtual contest is created to compete for his fortune.",
          "genres": Array [
            "Adventure",
            "Science Fiction",
            "Action",
          ],
          "imageURL": "https://image.tmdb.org/t/p/w500/pU1ULUq8D3iRxl1fdX2lZIzdHuI.jpg",
          "key": 333339,
          "rating": 8.1,
          "releaseDate": "2018-03-28",
          "runtime": 140,
          "title": "Ready Player One",
        },
        Object {
          "description": "Thor is imprisoned on the other side of the universe and finds himself in a race against time to get back to Asgard to stop Ragnarok, the prophecy of destruction to his homeworld and the end of Asgardian civilization, at the hands of an all-powerful new threat, the ruthless Hela.",
          "genres": Array [
            "Action",
            "Adventure",
            "Fantasy",
          ],
          "imageURL": "https://image.tmdb.org/t/p/w500/rzRwTcFvttcN1ZpX2xv4j3tSdJu.jpg",
          "key": 284053,
          "rating": 7.4,
          "releaseDate": "2017-10-25",
          "runtime": 130,
          "title": "Thor: Ragnarok",
        },
        Object {
          "description": "Rey develops her newly discovered abilities with the guidance of Luke Skywalker, who is unsettled by the strength of her powers. Meanwhile, the Resistance prepares to do battle with the First Order.",
          "genres": Array [
            "Fantasy",
            "Adventure",
            "Science Fiction",
          ],
          "imageURL": "https://image.tmdb.org/t/p/w500/kOVEVeg59E0wsnXmF9nrh6OmWII.jpg",
          "key": 181808,
          "rating": 7.1,
          "releaseDate": "2017-12-13",
          "runtime": 152,
          "title": "Star Wars: The Last Jedi",
        },
        Object {
          "description": "Light years from Earth, 26 years after being abducted, Peter Quill finds himself the prime target of a manhunt after discovering an orb wanted by Ronan the Accuser.",
          "genres": Array [
            "Action",
            "Science Fiction",
            "Adventure",
          ],
          "imageURL": "https://image.tmdb.org/t/p/w500/y31QB9kn3XSudA15tV7UWQ9XLuW.jpg",
          "key": 118340,
          "rating": 7.9,
          "releaseDate": "2014-07-30",
          "runtime": 121,
          "title": "Guardians of the Galaxy",
        },
        Object {
          "description": "Last months of World War II in April 1945. As the Allies make their final push in the European Theater, a battle-hardened U.S. Army sergeant in the 2nd Armored Division named Wardaddy commands a Sherman tank called \\"Fury\\" and its five-man crew on a deadly mission behind enemy lines. Outnumbered and outgunned, Wardaddy and his men face overwhelming odds in their heroic attempts to strike at the heart of Nazi Germany.",
          "genres": Array [
            "War",
            "Drama",
            "Action",
          ],
          "imageURL": "https://image.tmdb.org/t/p/w500/pfte7wdMobMF4CVHuOxyu6oqeeA.jpg",
          "key": 228150,
          "rating": 7.4,
          "releaseDate": "2014-10-15",
          "runtime": 135,
          "title": "Fury",
        },
        Object {
          "description": "A biologist signs up for a dangerous, secret expedition into a mysterious zone where the laws of nature don't apply.",
          "genres": Array [
            "Mystery",
            "Science Fiction",
            "Drama",
          ],
          "imageURL": "https://image.tmdb.org/t/p/w500/d3qcpfNwbAMCNqWDHzPQsUYiUgS.jpg",
          "key": 300668,
          "rating": 6.4,
          "releaseDate": "2018-02-22",
          "runtime": 115,
          "title": "Annihilation",
        },
      ]
    }
  />
  <div
    className="footer"
  >
    <div
      className="footer-content"
    >
      Netflixroulette
    </div>
  </div>
</div>
`;
