// Jest Snapshot v1, https://goo.gl/fbAQLP

exports[`<ResultSorting/> rendering should renders correctly 1`] = `
<div
  className="sorting-container"
>
  <div
    className="sorting"
  >
    <p
      className="sorting-counter"
    >
      7
       movies found
    </p>
    <div>
      <h3
        className="sorting-title"
      >
        Sort by
      </h3>
      <Button
        action={[Function]}
        content="releaseDate"
        key="0"
      />
      <Button
        action={[Function]}
        content="genres"
        key="1"
      />
    </div>
  </div>
</div>
`;
