// Jest Snapshot v1, https://goo.gl/fbAQLP

exports[`<SearchResult/> rendering should renders correctly 1`] = `
<Fragment>
  <ResultSorting
    activeOption="releaseDate"
    handleSwitchSorting={[Function]}
    numberOfItems={2}
    sortingOptions={
      Array [
        "releaseDate",
        "rating",
      ]
    }
  />
  <div
    className="search-result-container"
  >
    <div
      className="search-result"
    >
      <Card
        action={[Function]}
        description="Movie description"
        genres={
          Array [
            "Action",
            "Drama",
          ]
        }
        imageURL="URL"
        key="1"
        rating={9}
        releaseDate="2018"
        runtime={120}
        title="MovieName"
      />
      <Card
        action={[Function]}
        description="Movie description"
        genres={
          Array [
            "Action",
            "Drama",
          ]
        }
        imageURL="URL"
        key="1"
        rating={9}
        releaseDate="2018"
        runtime={120}
        title="MovieName"
      />
    </div>
  </div>
</Fragment>
`;
